STDOUT
CAN PRINT TO STDOUT WITH fd = 4
DUP2
STDOUT
CAN PRINT TO STDOUT WITH fd = 5
CAN PRINT TO STDOUT WITH fd = 5
